CRITICAL - 2026-04-28 06:47:12 --> CodeIgniter\View\Exceptions\ViewException: Invalid file: "auth/register.php"
[Method: GET, Route: register]
in SYSTEMPATH/Exceptions/FrameworkException.php on line 39.
 1 SYSTEMPATH/View/View.php(228): CodeIgniter\Exceptions\FrameworkException::forInvalidFile('auth/register.php')
 2 SYSTEMPATH/Common.php(1250): CodeIgniter\View\View->render('auth/register', [], true)
 3 APPPATH/Controllers/Auth.php(41): view('auth/register')
 4 SYSTEMPATH/CodeIgniter.php(951): App\Controllers\Auth->register()
 5 SYSTEMPATH/CodeIgniter.php(497): CodeIgniter\CodeIgniter->runController(Object(App\Controllers\Auth))
 6 SYSTEMPATH/CodeIgniter.php(340): CodeIgniter\CodeIgniter->handleRequest(null, Object(Config\Cache), false)
 7 SYSTEMPATH/Boot.php(417): CodeIgniter\CodeIgniter->run()
 8 SYSTEMPATH/Boot.php(68): CodeIgniter\Boot::runCodeIgniter(Object(CodeIgniter\CodeIgniter))
 9 FCPATH/index.php(59): CodeIgniter\Boot::bootWeb(Object(Config\Paths))
10 SYSTEMPATH/rewrite.php(44): require_once('/Users/airs/Documents/L2/S4/M.ROJO/food-design/food-design-answer/public/index.php')
CRITICAL - 2026-04-28 06:56:16 --> CodeIgniter\View\Exceptions\ViewException: Invalid file: "auth/register.php"
[Method: GET, Route: register]
in SYSTEMPATH/Exceptions/FrameworkException.php on line 39.
 1 SYSTEMPATH/View/View.php(228): CodeIgniter\Exceptions\FrameworkException::forInvalidFile('auth/register.php')
 2 SYSTEMPATH/Common.php(1250): CodeIgniter\View\View->render('auth/register', [], true)
 3 APPPATH/Controllers/Auth.php(44): view('auth/register')
 4 SYSTEMPATH/CodeIgniter.php(951): App\Controllers\Auth->register()
 5 SYSTEMPATH/CodeIgniter.php(497): CodeIgniter\CodeIgniter->runController(Object(App\Controllers\Auth))
 6 SYSTEMPATH/CodeIgniter.php(340): CodeIgniter\CodeIgniter->handleRequest(null, Object(Config\Cache), false)
 7 SYSTEMPATH/Boot.php(417): CodeIgniter\CodeIgniter->run()
 8 SYSTEMPATH/Boot.php(68): CodeIgniter\Boot::runCodeIgniter(Object(CodeIgniter\CodeIgniter))
 9 FCPATH/index.php(59): CodeIgniter\Boot::bootWeb(Object(Config\Paths))
10 SYSTEMPATH/rewrite.php(44): require_once('/Users/airs/Documents/L2/S4/M.ROJO/food-design/food-design-answer/public/index.php')
CRITICAL - 2026-04-28 07:00:25 --> CodeIgniter\View\Exceptions\ViewException: Invalid file: "auth/register.php"
[Method: GET, Route: register]
in SYSTEMPATH/Exceptions/FrameworkException.php on line 39.
 1 SYSTEMPATH/View/View.php(228): CodeIgniter\Exceptions\FrameworkException::forInvalidFile('auth/register.php')
 2 SYSTEMPATH/Common.php(1250): CodeIgniter\View\View->render('auth/register', [], true)
 3 APPPATH/Controllers/Auth.php(44): view('auth/register')
 4 SYSTEMPATH/CodeIgniter.php(951): App\Controllers\Auth->register()
 5 SYSTEMPATH/CodeIgniter.php(497): CodeIgniter\CodeIgniter->runController(Object(App\Controllers\Auth))
 6 SYSTEMPATH/CodeIgniter.php(340): CodeIgniter\CodeIgniter->handleRequest(null, Object(Config\Cache), false)
 7 SYSTEMPATH/Boot.php(417): CodeIgniter\CodeIgniter->run()
 8 SYSTEMPATH/Boot.php(68): CodeIgniter\Boot::runCodeIgniter(Object(CodeIgniter\CodeIgniter))
 9 FCPATH/index.php(59): CodeIgniter\Boot::bootWeb(Object(Config\Paths))
10 SYSTEMPATH/rewrite.php(44): require_once('/Users/airs/Documents/L2/S4/M.ROJO/food-design/food-design-answer/public/index.php')
CRITICAL - 2026-04-28 07:39:49 --> CodeIgniter\View\Exceptions\ViewException: Invalid file: "auth/register.php"
[Method: GET, Route: register]
in SYSTEMPATH/Exceptions/FrameworkException.php on line 39.
 1 SYSTEMPATH/View/View.php(228): CodeIgniter\Exceptions\FrameworkException::forInvalidFile('auth/register.php')
 2 SYSTEMPATH/Common.php(1250): CodeIgniter\View\View->render('auth/register', [], true)
 3 APPPATH/Controllers/Auth.php(44): view('auth/register')
 4 SYSTEMPATH/CodeIgniter.php(951): App\Controllers\Auth->register()
 5 SYSTEMPATH/CodeIgniter.php(497): CodeIgniter\CodeIgniter->runController(Object(App\Controllers\Auth))
 6 SYSTEMPATH/CodeIgniter.php(340): CodeIgniter\CodeIgniter->handleRequest(null, Object(Config\Cache), false)
 7 SYSTEMPATH/Boot.php(417): CodeIgniter\CodeIgniter->run()
 8 SYSTEMPATH/Boot.php(68): CodeIgniter\Boot::runCodeIgniter(Object(CodeIgniter\CodeIgniter))
 9 FCPATH/index.php(59): CodeIgniter\Boot::bootWeb(Object(Config\Paths))
10 SYSTEMPATH/rewrite.php(44): require_once('/Users/airs/Documents/L2/S4/M.ROJO/food-design/food-design-answer/public/index.php')
CRITICAL - 2026-04-28 07:40:16 --> CodeIgniter\View\Exceptions\ViewException: Invalid file: "auth/register.php"
[Method: GET, Route: register]
in SYSTEMPATH/Exceptions/FrameworkException.php on line 39.
 1 SYSTEMPATH/View/View.php(228): CodeIgniter\Exceptions\FrameworkException::forInvalidFile('auth/register.php')
 2 SYSTEMPATH/Common.php(1250): CodeIgniter\View\View->render('auth/register', [], true)
 3 APPPATH/Controllers/Auth.php(44): view('auth/register')
 4 SYSTEMPATH/CodeIgniter.php(951): App\Controllers\Auth->register()
 5 SYSTEMPATH/CodeIgniter.php(497): CodeIgniter\CodeIgniter->runController(Object(App\Controllers\Auth))
 6 SYSTEMPATH/CodeIgniter.php(340): CodeIgniter\CodeIgniter->handleRequest(null, Object(Config\Cache), false)
 7 SYSTEMPATH/Boot.php(417): CodeIgniter\CodeIgniter->run()
 8 SYSTEMPATH/Boot.php(68): CodeIgniter\Boot::runCodeIgniter(Object(CodeIgniter\CodeIgniter))
 9 FCPATH/index.php(59): CodeIgniter\Boot::bootWeb(Object(Config\Paths))
10 SYSTEMPATH/rewrite.php(44): require_once('/Users/airs/Documents/L2/S4/M.ROJO/food-design/food-design-answer/public/index.php')
CRITICAL - 2026-04-28 07:46:01 --> CodeIgniter\View\Exceptions\ViewException: Invalid file: "auth/register.php"
[Method: GET, Route: register]
in SYSTEMPATH/Exceptions/FrameworkException.php on line 39.
 1 SYSTEMPATH/View/View.php(228): CodeIgniter\Exceptions\FrameworkException::forInvalidFile('auth/register.php')
 2 SYSTEMPATH/Common.php(1250): CodeIgniter\View\View->render('auth/register', [], true)
 3 APPPATH/Controllers/Auth.php(41): view('auth/register')
 4 SYSTEMPATH/CodeIgniter.php(951): App\Controllers\Auth->register()
 5 SYSTEMPATH/CodeIgniter.php(497): CodeIgniter\CodeIgniter->runController(Object(App\Controllers\Auth))
 6 SYSTEMPATH/CodeIgniter.php(340): CodeIgniter\CodeIgniter->handleRequest(null, Object(Config\Cache), false)
 7 SYSTEMPATH/Boot.php(417): CodeIgniter\CodeIgniter->run()
 8 SYSTEMPATH/Boot.php(68): CodeIgniter\Boot::runCodeIgniter(Object(CodeIgniter\CodeIgniter))
 9 FCPATH/index.php(59): CodeIgniter\Boot::bootWeb(Object(Config\Paths))
10 SYSTEMPATH/rewrite.php(44): require_once('/Users/airs/Documents/L2/S4/M.ROJO/food-design/food-design-answer/public/index.php')
CRITICAL - 2026-04-28 07:46:05 --> CodeIgniter\View\Exceptions\ViewException: Invalid file: "auth/register.php"
[Method: GET, Route: register]
in SYSTEMPATH/Exceptions/FrameworkException.php on line 39.
 1 SYSTEMPATH/View/View.php(228): CodeIgniter\Exceptions\FrameworkException::forInvalidFile('auth/register.php')
 2 SYSTEMPATH/Common.php(1250): CodeIgniter\View\View->render('auth/register', [], true)
 3 APPPATH/Controllers/Auth.php(41): view('auth/register')
 4 SYSTEMPATH/CodeIgniter.php(951): App\Controllers\Auth->register()
 5 SYSTEMPATH/CodeIgniter.php(497): CodeIgniter\CodeIgniter->runController(Object(App\Controllers\Auth))
 6 SYSTEMPATH/CodeIgniter.php(340): CodeIgniter\CodeIgniter->handleRequest(null, Object(Config\Cache), false)
 7 SYSTEMPATH/Boot.php(417): CodeIgniter\CodeIgniter->run()
 8 SYSTEMPATH/Boot.php(68): CodeIgniter\Boot::runCodeIgniter(Object(CodeIgniter\CodeIgniter))
 9 FCPATH/index.php(59): CodeIgniter\Boot::bootWeb(Object(Config\Paths))
10 SYSTEMPATH/rewrite.php(44): require_once('/Users/airs/Documents/L2/S4/M.ROJO/food-design/food-design-answer/public/index.php')
CRITICAL - 2026-04-28 08:22:22 --> TypeError: CodeIgniter\Database\BaseBuilder::setBind(): Argument #1 ($key) must be of type string, int given, called in /Users/airs/Documents/L2/S4/M.ROJO/food-design/food-design-answer/system/Database/BaseBuilder.php on line 1575
[Method: POST, Route: swipe/do]
in SYSTEMPATH/Database/BaseBuilder.php on line 3528.
 1 SYSTEMPATH/Database/BaseBuilder.php(1575): CodeIgniter\Database\BaseBuilder->setBind(0, '2026-04-28 08:22:22', true)
 2 SYSTEMPATH/Model.php(326): CodeIgniter\Database\BaseBuilder->set([...], '2026-04-28 08:22:22', true)
 3 SYSTEMPATH/BaseModel.php(899): CodeIgniter\Model->doInsert([...])
 4 SYSTEMPATH/Model.php(668): CodeIgniter\BaseModel->insert([...], true)
 5 APPPATH/Controllers/Swipe.php(36): CodeIgniter\Model->insert([...])
 6 SYSTEMPATH/CodeIgniter.php(951): App\Controllers\Swipe->doSwipe()
 7 SYSTEMPATH/CodeIgniter.php(497): CodeIgniter\CodeIgniter->runController(Object(App\Controllers\Swipe))
 8 SYSTEMPATH/CodeIgniter.php(340): CodeIgniter\CodeIgniter->handleRequest(null, Object(Config\Cache), false)
 9 SYSTEMPATH/Boot.php(417): CodeIgniter\CodeIgniter->run()
10 SYSTEMPATH/Boot.php(68): CodeIgniter\Boot::runCodeIgniter(Object(CodeIgniter\CodeIgniter))
11 FCPATH/index.php(59): CodeIgniter\Boot::bootWeb(Object(Config\Paths))
12 SYSTEMPATH/rewrite.php(44): require_once('/Users/airs/Documents/L2/S4/M.ROJO/food-design/food-design-answer/public/index.php')
CRITICAL - 2026-04-28 08:22:23 --> TypeError: CodeIgniter\Database\BaseBuilder::setBind(): Argument #1 ($key) must be of type string, int given, called in /Users/airs/Documents/L2/S4/M.ROJO/food-design/food-design-answer/system/Database/BaseBuilder.php on line 1575
[Method: POST, Route: swipe/do]
in SYSTEMPATH/Database/BaseBuilder.php on line 3528.
 1 SYSTEMPATH/Database/BaseBuilder.php(1575): CodeIgniter\Database\BaseBuilder->setBind(0, '2026-04-28 08:22:23', true)
 2 SYSTEMPATH/Model.php(326): CodeIgniter\Database\BaseBuilder->set([...], '2026-04-28 08:22:23', true)
 3 SYSTEMPATH/BaseModel.php(899): CodeIgniter\Model->doInsert([...])
 4 SYSTEMPATH/Model.php(668): CodeIgniter\BaseModel->insert([...], true)
 5 APPPATH/Controllers/Swipe.php(36): CodeIgniter\Model->insert([...])
 6 SYSTEMPATH/CodeIgniter.php(951): App\Controllers\Swipe->doSwipe()
 7 SYSTEMPATH/CodeIgniter.php(497): CodeIgniter\CodeIgniter->runController(Object(App\Controllers\Swipe))
 8 SYSTEMPATH/CodeIgniter.php(340): CodeIgniter\CodeIgniter->handleRequest(null, Object(Config\Cache), false)
 9 SYSTEMPATH/Boot.php(417): CodeIgniter\CodeIgniter->run()
10 SYSTEMPATH/Boot.php(68): CodeIgniter\Boot::runCodeIgniter(Object(CodeIgniter\CodeIgniter))
11 FCPATH/index.php(59): CodeIgniter\Boot::bootWeb(Object(Config\Paths))
12 SYSTEMPATH/rewrite.php(44): require_once('/Users/airs/Documents/L2/S4/M.ROJO/food-design/food-design-answer/public/index.php')
CRITICAL - 2026-04-28 08:22:24 --> TypeError: CodeIgniter\Database\BaseBuilder::setBind(): Argument #1 ($key) must be of type string, int given, called in /Users/airs/Documents/L2/S4/M.ROJO/food-design/food-design-answer/system/Database/BaseBuilder.php on line 1575
[Method: POST, Route: swipe/do]
in SYSTEMPATH/Database/BaseBuilder.php on line 3528.
 1 SYSTEMPATH/Database/BaseBuilder.php(1575): CodeIgniter\Database\BaseBuilder->setBind(0, '2026-04-28 08:22:24', true)
 2 SYSTEMPATH/Model.php(326): CodeIgniter\Database\BaseBuilder->set([...], '2026-04-28 08:22:24', true)
 3 SYSTEMPATH/BaseModel.php(899): CodeIgniter\Model->doInsert([...])
 4 SYSTEMPATH/Model.php(668): CodeIgniter\BaseModel->insert([...], true)
 5 APPPATH/Controllers/Swipe.php(36): CodeIgniter\Model->insert([...])
 6 SYSTEMPATH/CodeIgniter.php(951): App\Controllers\Swipe->doSwipe()
 7 SYSTEMPATH/CodeIgniter.php(497): CodeIgniter\CodeIgniter->runController(Object(App\Controllers\Swipe))
 8 SYSTEMPATH/CodeIgniter.php(340): CodeIgniter\CodeIgniter->handleRequest(null, Object(Config\Cache), false)
 9 SYSTEMPATH/Boot.php(417): CodeIgniter\CodeIgniter->run()
10 SYSTEMPATH/Boot.php(68): CodeIgniter\Boot::runCodeIgniter(Object(CodeIgniter\CodeIgniter))
11 FCPATH/index.php(59): CodeIgniter\Boot::bootWeb(Object(Config\Paths))
12 SYSTEMPATH/rewrite.php(44): require_once('/Users/airs/Documents/L2/S4/M.ROJO/food-design/food-design-answer/public/index.php')
CRITICAL - 2026-04-28 08:22:25 --> TypeError: CodeIgniter\Database\BaseBuilder::setBind(): Argument #1 ($key) must be of type string, int given, called in /Users/airs/Documents/L2/S4/M.ROJO/food-design/food-design-answer/system/Database/BaseBuilder.php on line 1575
[Method: POST, Route: swipe/do]
in SYSTEMPATH/Database/BaseBuilder.php on line 3528.
 1 SYSTEMPATH/Database/BaseBuilder.php(1575): CodeIgniter\Database\BaseBuilder->setBind(0, '2026-04-28 08:22:25', true)
 2 SYSTEMPATH/Model.php(326): CodeIgniter\Database\BaseBuilder->set([...], '2026-04-28 08:22:25', true)
 3 SYSTEMPATH/BaseModel.php(899): CodeIgniter\Model->doInsert([...])
 4 SYSTEMPATH/Model.php(668): CodeIgniter\BaseModel->insert([...], true)
 5 APPPATH/Controllers/Swipe.php(36): CodeIgniter\Model->insert([...])
 6 SYSTEMPATH/CodeIgniter.php(951): App\Controllers\Swipe->doSwipe()
 7 SYSTEMPATH/CodeIgniter.php(497): CodeIgniter\CodeIgniter->runController(Object(App\Controllers\Swipe))
 8 SYSTEMPATH/CodeIgniter.php(340): CodeIgniter\CodeIgniter->handleRequest(null, Object(Config\Cache), false)
 9 SYSTEMPATH/Boot.php(417): CodeIgniter\CodeIgniter->run()
10 SYSTEMPATH/Boot.php(68): CodeIgniter\Boot::runCodeIgniter(Object(CodeIgniter\CodeIgniter))
11 FCPATH/index.php(59): CodeIgniter\Boot::bootWeb(Object(Config\Paths))
12 SYSTEMPATH/rewrite.php(44): require_once('/Users/airs/Documents/L2/S4/M.ROJO/food-design/food-design-answer/public/index.php')
CRITICAL - 2026-04-28 08:22:26 --> TypeError: CodeIgniter\Database\BaseBuilder::setBind(): Argument #1 ($key) must be of type string, int given, called in /Users/airs/Documents/L2/S4/M.ROJO/food-design/food-design-answer/system/Database/BaseBuilder.php on line 1575
[Method: POST, Route: swipe/do]
in SYSTEMPATH/Database/BaseBuilder.php on line 3528.
 1 SYSTEMPATH/Database/BaseBuilder.php(1575): CodeIgniter\Database\BaseBuilder->setBind(0, '2026-04-28 08:22:26', true)
 2 SYSTEMPATH/Model.php(326): CodeIgniter\Database\BaseBuilder->set([...], '2026-04-28 08:22:26', true)
 3 SYSTEMPATH/BaseModel.php(899): CodeIgniter\Model->doInsert([...])
 4 SYSTEMPATH/Model.php(668): CodeIgniter\BaseModel->insert([...], true)
 5 APPPATH/Controllers/Swipe.php(36): CodeIgniter\Model->insert([...])
 6 SYSTEMPATH/CodeIgniter.php(951): App\Controllers\Swipe->doSwipe()
 7 SYSTEMPATH/CodeIgniter.php(497): CodeIgniter\CodeIgniter->runController(Object(App\Controllers\Swipe))
 8 SYSTEMPATH/CodeIgniter.php(340): CodeIgniter\CodeIgniter->handleRequest(null, Object(Config\Cache), false)
 9 SYSTEMPATH/Boot.php(417): CodeIgniter\CodeIgniter->run()
10 SYSTEMPATH/Boot.php(68): CodeIgniter\Boot::runCodeIgniter(Object(CodeIgniter\CodeIgniter))
11 FCPATH/index.php(59): CodeIgniter\Boot::bootWeb(Object(Config\Paths))
12 SYSTEMPATH/rewrite.php(44): require_once('/Users/airs/Documents/L2/S4/M.ROJO/food-design/food-design-answer/public/index.php')
CRITICAL - 2026-04-28 08:22:27 --> TypeError: CodeIgniter\Database\BaseBuilder::setBind(): Argument #1 ($key) must be of type string, int given, called in /Users/airs/Documents/L2/S4/M.ROJO/food-design/food-design-answer/system/Database/BaseBuilder.php on line 1575
[Method: POST, Route: swipe/do]
in SYSTEMPATH/Database/BaseBuilder.php on line 3528.
 1 SYSTEMPATH/Database/BaseBuilder.php(1575): CodeIgniter\Database\BaseBuilder->setBind(0, '2026-04-28 08:22:27', true)
 2 SYSTEMPATH/Model.php(326): CodeIgniter\Database\BaseBuilder->set([...], '2026-04-28 08:22:27', true)
 3 SYSTEMPATH/BaseModel.php(899): CodeIgniter\Model->doInsert([...])
 4 SYSTEMPATH/Model.php(668): CodeIgniter\BaseModel->insert([...], true)
 5 APPPATH/Controllers/Swipe.php(36): CodeIgniter\Model->insert([...])
 6 SYSTEMPATH/CodeIgniter.php(951): App\Controllers\Swipe->doSwipe()
 7 SYSTEMPATH/CodeIgniter.php(497): CodeIgniter\CodeIgniter->runController(Object(App\Controllers\Swipe))
 8 SYSTEMPATH/CodeIgniter.php(340): CodeIgniter\CodeIgniter->handleRequest(null, Object(Config\Cache), false)
 9 SYSTEMPATH/Boot.php(417): CodeIgniter\CodeIgniter->run()
10 SYSTEMPATH/Boot.php(68): CodeIgniter\Boot::runCodeIgniter(Object(CodeIgniter\CodeIgniter))
11 FCPATH/index.php(59): CodeIgniter\Boot::bootWeb(Object(Config\Paths))
12 SYSTEMPATH/rewrite.php(44): require_once('/Users/airs/Documents/L2/S4/M.ROJO/food-design/food-design-answer/public/index.php')
CRITICAL - 2026-04-28 08:22:48 --> TypeError: CodeIgniter\Database\BaseBuilder::setBind(): Argument #1 ($key) must be of type string, int given, called in /Users/airs/Documents/L2/S4/M.ROJO/food-design/food-design-answer/system/Database/BaseBuilder.php on line 1575
[Method: POST, Route: swipe/do]
in SYSTEMPATH/Database/BaseBuilder.php on line 3528.
 1 SYSTEMPATH/Database/BaseBuilder.php(1575): CodeIgniter\Database\BaseBuilder->setBind(0, '2026-04-28 08:22:48', true)
 2 SYSTEMPATH/Model.php(326): CodeIgniter\Database\BaseBuilder->set([...], '2026-04-28 08:22:48', true)
 3 SYSTEMPATH/BaseModel.php(899): CodeIgniter\Model->doInsert([...])
 4 SYSTEMPATH/Model.php(668): CodeIgniter\BaseModel->insert([...], true)
 5 APPPATH/Controllers/Swipe.php(36): CodeIgniter\Model->insert([...])
 6 SYSTEMPATH/CodeIgniter.php(951): App\Controllers\Swipe->doSwipe()
 7 SYSTEMPATH/CodeIgniter.php(497): CodeIgniter\CodeIgniter->runController(Object(App\Controllers\Swipe))
 8 SYSTEMPATH/CodeIgniter.php(340): CodeIgniter\CodeIgniter->handleRequest(null, Object(Config\Cache), false)
 9 SYSTEMPATH/Boot.php(417): CodeIgniter\CodeIgniter->run()
10 SYSTEMPATH/Boot.php(68): CodeIgniter\Boot::runCodeIgniter(Object(CodeIgniter\CodeIgniter))
11 FCPATH/index.php(59): CodeIgniter\Boot::bootWeb(Object(Config\Paths))
12 SYSTEMPATH/rewrite.php(44): require_once('/Users/airs/Documents/L2/S4/M.ROJO/food-design/food-design-answer/public/index.php')
CRITICAL - 2026-04-28 08:22:50 --> TypeError: CodeIgniter\Database\BaseBuilder::setBind(): Argument #1 ($key) must be of type string, int given, called in /Users/airs/Documents/L2/S4/M.ROJO/food-design/food-design-answer/system/Database/BaseBuilder.php on line 1575
[Method: POST, Route: swipe/do]
in SYSTEMPATH/Database/BaseBuilder.php on line 3528.
 1 SYSTEMPATH/Database/BaseBuilder.php(1575): CodeIgniter\Database\BaseBuilder->setBind(0, '2026-04-28 08:22:50', true)
 2 SYSTEMPATH/Model.php(326): CodeIgniter\Database\BaseBuilder->set([...], '2026-04-28 08:22:50', true)
 3 SYSTEMPATH/BaseModel.php(899): CodeIgniter\Model->doInsert([...])
 4 SYSTEMPATH/Model.php(668): CodeIgniter\BaseModel->insert([...], true)
 5 APPPATH/Controllers/Swipe.php(36): CodeIgniter\Model->insert([...])
 6 SYSTEMPATH/CodeIgniter.php(951): App\Controllers\Swipe->doSwipe()
 7 SYSTEMPATH/CodeIgniter.php(497): CodeIgniter\CodeIgniter->runController(Object(App\Controllers\Swipe))
 8 SYSTEMPATH/CodeIgniter.php(340): CodeIgniter\CodeIgniter->handleRequest(null, Object(Config\Cache), false)
 9 SYSTEMPATH/Boot.php(417): CodeIgniter\CodeIgniter->run()
10 SYSTEMPATH/Boot.php(68): CodeIgniter\Boot::runCodeIgniter(Object(CodeIgniter\CodeIgniter))
11 FCPATH/index.php(59): CodeIgniter\Boot::bootWeb(Object(Config\Paths))
12 SYSTEMPATH/rewrite.php(44): require_once('/Users/airs/Documents/L2/S4/M.ROJO/food-design/food-design-answer/public/index.php')
CRITICAL - 2026-04-28 08:23:38 --> TypeError: CodeIgniter\Database\BaseBuilder::setBind(): Argument #1 ($key) must be of type string, int given, called in /Users/airs/Documents/L2/S4/M.ROJO/food-design/food-design-answer/system/Database/BaseBuilder.php on line 1575
[Method: POST, Route: swipe/do]
in SYSTEMPATH/Database/BaseBuilder.php on line 3528.
 1 SYSTEMPATH/Database/BaseBuilder.php(1575): CodeIgniter\Database\BaseBuilder->setBind(0, '2026-04-28 08:23:38', true)
 2 SYSTEMPATH/Model.php(326): CodeIgniter\Database\BaseBuilder->set([...], '2026-04-28 08:23:38', true)
 3 SYSTEMPATH/BaseModel.php(899): CodeIgniter\Model->doInsert([...])
 4 SYSTEMPATH/Model.php(668): CodeIgniter\BaseModel->insert([...], true)
 5 APPPATH/Controllers/Swipe.php(36): CodeIgniter\Model->insert([...])
 6 SYSTEMPATH/CodeIgniter.php(951): App\Controllers\Swipe->doSwipe()
 7 SYSTEMPATH/CodeIgniter.php(497): CodeIgniter\CodeIgniter->runController(Object(App\Controllers\Swipe))
 8 SYSTEMPATH/CodeIgniter.php(340): CodeIgniter\CodeIgniter->handleRequest(null, Object(Config\Cache), false)
 9 SYSTEMPATH/Boot.php(417): CodeIgniter\CodeIgniter->run()
10 SYSTEMPATH/Boot.php(68): CodeIgniter\Boot::runCodeIgniter(Object(CodeIgniter\CodeIgniter))
11 FCPATH/index.php(59): CodeIgniter\Boot::bootWeb(Object(Config\Paths))
12 SYSTEMPATH/rewrite.php(44): require_once('/Users/airs/Documents/L2/S4/M.ROJO/food-design/food-design-answer/public/index.php')
CRITICAL - 2026-04-28 08:25:57 --> TypeError: CodeIgniter\Database\BaseBuilder::setBind(): Argument #1 ($key) must be of type string, int given, called in /Users/airs/Documents/L2/S4/M.ROJO/food-design/food-design-answer/system/Database/BaseBuilder.php on line 1575
[Method: POST, Route: swipe/do]
in SYSTEMPATH/Database/BaseBuilder.php on line 3528.
 1 SYSTEMPATH/Database/BaseBuilder.php(1575): CodeIgniter\Database\BaseBuilder->setBind(0, '2026-04-28 08:25:57', true)
 2 SYSTEMPATH/Model.php(326): CodeIgniter\Database\BaseBuilder->set([...], '2026-04-28 08:25:57', true)
 3 SYSTEMPATH/BaseModel.php(899): CodeIgniter\Model->doInsert([...])
 4 SYSTEMPATH/Model.php(668): CodeIgniter\BaseModel->insert([...], true)
 5 APPPATH/Controllers/Swipe.php(36): CodeIgniter\Model->insert([...])
 6 SYSTEMPATH/CodeIgniter.php(951): App\Controllers\Swipe->doSwipe()
 7 SYSTEMPATH/CodeIgniter.php(497): CodeIgniter\CodeIgniter->runController(Object(App\Controllers\Swipe))
 8 SYSTEMPATH/CodeIgniter.php(340): CodeIgniter\CodeIgniter->handleRequest(null, Object(Config\Cache), false)
 9 SYSTEMPATH/Boot.php(417): CodeIgniter\CodeIgniter->run()
10 SYSTEMPATH/Boot.php(68): CodeIgniter\Boot::runCodeIgniter(Object(CodeIgniter\CodeIgniter))
11 FCPATH/index.php(59): CodeIgniter\Boot::bootWeb(Object(Config\Paths))
12 SYSTEMPATH/rewrite.php(44): require_once('/Users/airs/Documents/L2/S4/M.ROJO/food-design/food-design-answer/public/index.php')
CRITICAL - 2026-04-28 08:41:42 --> ParseError: Unmatched '}'
[Method: CLI, Route: serve]
in APPPATH/Config/Routes.php on line 22.
 1 SYSTEMPATH/CLI/Console.php(41): CodeIgniter\Router\RouteCollection->loadRoutes()
 2 SYSTEMPATH/Boot.php(442): CodeIgniter\CLI\Console->run()
 3 SYSTEMPATH/Boot.php(166): CodeIgniter\Boot::runCommand(Object(CodeIgniter\CLI\Console))
 4 ROOTPATH/spark(87): CodeIgniter\Boot::bootSpark(Object(Config\Paths))
CRITICAL - 2026-04-28 08:41:50 --> ParseError: Unmatched '}'
[Method: CLI, Route: serve]
in APPPATH/Config/Routes.php on line 22.
 1 SYSTEMPATH/CLI/Console.php(41): CodeIgniter\Router\RouteCollection->loadRoutes()
 2 SYSTEMPATH/Boot.php(442): CodeIgniter\CLI\Console->run()
 3 SYSTEMPATH/Boot.php(166): CodeIgniter\Boot::runCommand(Object(CodeIgniter\CLI\Console))
 4 ROOTPATH/spark(87): CodeIgniter\Boot::bootSpark(Object(Config\Paths))
CRITICAL - 2026-04-28 08:42:48 --> TypeError: CodeIgniter\Database\BaseBuilder::setBind(): Argument #1 ($key) must be of type string, int given, called in /Users/airs/Documents/L2/S4/M.ROJO/food-design/food-design-answer/system/Database/BaseBuilder.php on line 1575
[Method: POST, Route: swipe/do]
in SYSTEMPATH/Database/BaseBuilder.php on line 3528.
 1 SYSTEMPATH/Database/BaseBuilder.php(1575): CodeIgniter\Database\BaseBuilder->setBind(0, '2026-04-28 08:42:48', true)
 2 SYSTEMPATH/Model.php(326): CodeIgniter\Database\BaseBuilder->set([...], '2026-04-28 08:42:48', true)
 3 SYSTEMPATH/BaseModel.php(899): CodeIgniter\Model->doInsert([...])
 4 SYSTEMPATH/Model.php(668): CodeIgniter\BaseModel->insert([...], true)
 5 APPPATH/Controllers/Swipe.php(36): CodeIgniter\Model->insert([...])
 6 SYSTEMPATH/CodeIgniter.php(951): App\Controllers\Swipe->doSwipe()
 7 SYSTEMPATH/CodeIgniter.php(497): CodeIgniter\CodeIgniter->runController(Object(App\Controllers\Swipe))
 8 SYSTEMPATH/CodeIgniter.php(340): CodeIgniter\CodeIgniter->handleRequest(null, Object(Config\Cache), false)
 9 SYSTEMPATH/Boot.php(417): CodeIgniter\CodeIgniter->run()
10 SYSTEMPATH/Boot.php(68): CodeIgniter\Boot::runCodeIgniter(Object(CodeIgniter\CodeIgniter))
11 FCPATH/index.php(59): CodeIgniter\Boot::bootWeb(Object(Config\Paths))
12 SYSTEMPATH/rewrite.php(44): require_once('/Users/airs/Documents/L2/S4/M.ROJO/food-design/food-design-answer/public/index.php')
CRITICAL - 2026-04-28 08:42:50 --> TypeError: CodeIgniter\Database\BaseBuilder::setBind(): Argument #1 ($key) must be of type string, int given, called in /Users/airs/Documents/L2/S4/M.ROJO/food-design/food-design-answer/system/Database/BaseBuilder.php on line 1575
[Method: POST, Route: swipe/do]
in SYSTEMPATH/Database/BaseBuilder.php on line 3528.
 1 SYSTEMPATH/Database/BaseBuilder.php(1575): CodeIgniter\Database\BaseBuilder->setBind(0, '2026-04-28 08:42:50', true)
 2 SYSTEMPATH/Model.php(326): CodeIgniter\Database\BaseBuilder->set([...], '2026-04-28 08:42:50', true)
 3 SYSTEMPATH/BaseModel.php(899): CodeIgniter\Model->doInsert([...])
 4 SYSTEMPATH/Model.php(668): CodeIgniter\BaseModel->insert([...], true)
 5 APPPATH/Controllers/Swipe.php(36): CodeIgniter\Model->insert([...])
 6 SYSTEMPATH/CodeIgniter.php(951): App\Controllers\Swipe->doSwipe()
 7 SYSTEMPATH/CodeIgniter.php(497): CodeIgniter\CodeIgniter->runController(Object(App\Controllers\Swipe))
 8 SYSTEMPATH/CodeIgniter.php(340): CodeIgniter\CodeIgniter->handleRequest(null, Object(Config\Cache), false)
 9 SYSTEMPATH/Boot.php(417): CodeIgniter\CodeIgniter->run()
10 SYSTEMPATH/Boot.php(68): CodeIgniter\Boot::runCodeIgniter(Object(CodeIgniter\CodeIgniter))
11 FCPATH/index.php(59): CodeIgniter\Boot::bootWeb(Object(Config\Paths))
12 SYSTEMPATH/rewrite.php(44): require_once('/Users/airs/Documents/L2/S4/M.ROJO/food-design/food-design-answer/public/index.php')
CRITICAL - 2026-04-28 08:43:43 --> TypeError: CodeIgniter\Database\BaseBuilder::setBind(): Argument #1 ($key) must be of type string, int given, called in /Users/airs/Documents/L2/S4/M.ROJO/food-design/food-design-answer/system/Database/BaseBuilder.php on line 1575
[Method: POST, Route: swipe/do]
in SYSTEMPATH/Database/BaseBuilder.php on line 3528.
 1 SYSTEMPATH/Database/BaseBuilder.php(1575): CodeIgniter\Database\BaseBuilder->setBind(0, '2026-04-28 08:43:43', true)
 2 SYSTEMPATH/Model.php(326): CodeIgniter\Database\BaseBuilder->set([...], '2026-04-28 08:43:43', true)
 3 SYSTEMPATH/BaseModel.php(899): CodeIgniter\Model->doInsert([...])
 4 SYSTEMPATH/Model.php(668): CodeIgniter\BaseModel->insert([...], true)
 5 APPPATH/Controllers/Swipe.php(36): CodeIgniter\Model->insert([...])
 6 SYSTEMPATH/CodeIgniter.php(951): App\Controllers\Swipe->doSwipe()
 7 SYSTEMPATH/CodeIgniter.php(497): CodeIgniter\CodeIgniter->runController(Object(App\Controllers\Swipe))
 8 SYSTEMPATH/CodeIgniter.php(340): CodeIgniter\CodeIgniter->handleRequest(null, Object(Config\Cache), false)
 9 SYSTEMPATH/Boot.php(417): CodeIgniter\CodeIgniter->run()
10 SYSTEMPATH/Boot.php(68): CodeIgniter\Boot::runCodeIgniter(Object(CodeIgniter\CodeIgniter))
11 FCPATH/index.php(59): CodeIgniter\Boot::bootWeb(Object(Config\Paths))
12 SYSTEMPATH/rewrite.php(44): require_once('/Users/airs/Documents/L2/S4/M.ROJO/food-design/food-design-answer/public/index.php')
CRITICAL - 2026-04-28 08:48:18 --> TypeError: CodeIgniter\Database\BaseBuilder::setBind(): Argument #1 ($key) must be of type string, int given, called in /Users/airs/Documents/L2/S4/M.ROJO/food-design/food-design-answer/system/Database/BaseBuilder.php on line 1575
[Method: POST, Route: swipe/do]
in SYSTEMPATH/Database/BaseBuilder.php on line 3528.
 1 SYSTEMPATH/Database/BaseBuilder.php(1575): CodeIgniter\Database\BaseBuilder->setBind(0, '2026-04-28 08:48:18', true)
 2 SYSTEMPATH/Model.php(326): CodeIgniter\Database\BaseBuilder->set([...], '2026-04-28 08:48:18', true)
 3 SYSTEMPATH/BaseModel.php(899): CodeIgniter\Model->doInsert([...])
 4 SYSTEMPATH/Model.php(668): CodeIgniter\BaseModel->insert([...], true)
 5 APPPATH/Controllers/Swipe.php(36): CodeIgniter\Model->insert([...])
 6 SYSTEMPATH/CodeIgniter.php(951): App\Controllers\Swipe->doSwipe()
 7 SYSTEMPATH/CodeIgniter.php(497): CodeIgniter\CodeIgniter->runController(Object(App\Controllers\Swipe))
 8 SYSTEMPATH/CodeIgniter.php(340): CodeIgniter\CodeIgniter->handleRequest(null, Object(Config\Cache), false)
 9 SYSTEMPATH/Boot.php(417): CodeIgniter\CodeIgniter->run()
10 SYSTEMPATH/Boot.php(68): CodeIgniter\Boot::runCodeIgniter(Object(CodeIgniter\CodeIgniter))
11 FCPATH/index.php(59): CodeIgniter\Boot::bootWeb(Object(Config\Paths))
12 SYSTEMPATH/rewrite.php(44): require_once('/Users/airs/Documents/L2/S4/M.ROJO/food-design/food-design-answer/public/index.php')
